-- rFunc-rename --
renaming "sFunc" to "rFunc" not possible because "github.com/kevinswiber/languageserver-go/lsp/rename/bad" has errors
